---
source: sdk/tests/test_error.rs
expression: ser
---
type: struct@v1
name: OperationErrorUnknown
namespace: abc.corp.test
description: ~
version: 1
fields:
  desc:
    name: desc
    namespace: abc.corp.test
    description: some nested doc
    version: ~
    type: string
    optional: false
