---
source: sdk/tests/test_one_of.rs
expression: ser
---
type: one_of@v1
name: MaybeFlagType
namespace: abc.corp.exts
description: ~
version: 1
variants:
  BoolFlag:
    name: BoolFlag
    ty: never
  Int:
    name: Int
    ty: i32
  Str:
    name: Str
    ty: string
