---
source: sdk/tests/test_datetime.rs
expression: def
---
type: struct@v1
name: CommentWithTestTime
namespace: abc.corp.exts
description: ~
version: 1
fields:
  comment:
    name: comment
    namespace: abc.corp.exts
    description: ~
    version: ~
    type: string
    optional: false
  created_at:
    name: created_at
    namespace: abc.corp.exts
    description: ~
    version: ~
    type: date_time
    optional: false
  deleted_at:
    name: deleted_at
    namespace: abc.corp.exts
    description: ~
    version: ~
    type:
      compound_type:
        kind: option
        type: date_time
    optional: false
  id:
    name: id
    namespace: abc.corp.exts
    description: ~
    version: ~
    type: i64
    optional: false
