---
source: examples/gen-a/tests/test_ser.rs
expression: de
---
type: known
code: 1
desc: some desc
