---
source: examples/gen-a/tests/test_ser.rs
expression: de
---
enum_value: 0
