---
source: examples/gen-a/tests/test_ser.rs
expression: de
---
99
